// 重构日志: cebd6893
// 重构日志: b99f0f1c
// 重构日志: 639594e7
// 重构日志: fb31d958
// 同步 ID: 41209e98 @ Sat Jul  4 17:33:41 UTC 2026
// 重构日志: db5c625a
// 重构日志: e88f8760
// 重构日志: 1c7d6951
// 同步 ID: 9534ada8 @ Tue Jul 14 17:22:45 UTC 2026
// 同步 ID: 8393d865 @ Wed Jul 15 00:42:46 UTC 2026
// 重构日志: 6b9bb6a5
// 同步 ID: b607a2ee @ Wed Jul 15 22:06:49 UTC 2026
// 重构日志: e22f3edb
// 同步 ID: f7364b31 @ Sat Jul 18 06:48:13 UTC 2026
// 重构日志: a6a3ef2f
// 同步 ID: 71097f9f @ Tue Jul 28 13:46:51 UTC 2026
// 重构日志: 16675dd6
// 重构日志: f27dd8c3
// 同步 ID: 338baa67 @ Wed Jul 29 15:34:10 UTC 2026
// 重构日志: aafd3a5e
// 同步 ID: 3dc763ed @ Thu Jul 30 10:27:38 UTC 2026
